·github.com·anthropics·claude-code·anthropics/claude-code·feature-xyz·aidog·/tmp/aidog-golden-nogit/aidog·aidog·shared,web·abc123xy·abc123xyz789qwer·statusline-atoms·session.jsonl·feature-xyz·feat/atoms·main·#123·https://github.com/o/r/pull/123·approved·v2.1.90·default·thinking·⚠200k·reviewer·high·NORMAL·Sonnet
